This is pdfTeX, Version 3.141592653-2.6-1.40.27 (MiKTeX 25.4) (preloaded format=pdflatex 2025.8.21)  21 AUG 2025 11:25
entering extended mode
 restricted \write18 enabled.
 %&-line parsing enabled.
**./LECTURE6.tex
(LECTURE6.tex
LaTeX2e <2025-06-01> patch level 1
L3 programming layer <2025-07-20>
(C:\Users\kshoemaker\AppData\Local\Programs\MiKTeX\tex/latex/base\article.cls
Document Class: article 2025/01/22 v1.4n Standard LaTeX document class
(C:\Users\kshoemaker\AppData\Local\Programs\MiKTeX\tex/latex/base\size10.clo
File: size10.clo 2025/01/22 v1.4n Standard LaTeX file (size option)
)
\c@part=\count275
\c@section=\count276
\c@subsection=\count277
\c@subsubsection=\count278
\c@paragraph=\count279
\c@subparagraph=\count280
\c@figure=\count281
\c@table=\count282
\abovecaptionskip=\skip49
\belowcaptionskip=\skip50
\bibindent=\dimen148
)
(C:\Users\kshoemaker\AppData\Local\Programs\MiKTeX\tex/latex/amsmath\amsmath.st
y
Package: amsmath 2025/06/16 v2.17y AMS math features
\@mathmargin=\skip51
For additional information on amsmath, use the `?' option.

(C:\Users\kshoemaker\AppData\Local\Programs\MiKTeX\tex/latex/amsmath\amstext.st
y
Package: amstext 2024/11/17 v2.01 AMS text

(C:\Users\kshoemaker\AppData\Local\Programs\MiKTeX\tex/latex/amsmath\amsgen.sty
File: amsgen.sty 1999/11/30 v2.0 generic functions
\@emptytoks=\toks17
\ex@=\dimen149
))
(C:\Users\kshoemaker\AppData\Local\Programs\MiKTeX\tex/latex/amsmath\amsbsy.sty
Package: amsbsy 1999/11/29 v1.2d Bold Symbols
\pmbraise@=\dimen150
)
(C:\Users\kshoemaker\AppData\Local\Programs\MiKTeX\tex/latex/amsmath\amsopn.sty
Package: amsopn 2022/04/08 v2.04 operator names
)
\inf@bad=\count283
LaTeX Info: Redefining \frac on input line 233.
\uproot@=\count284
\leftroot@=\count285
LaTeX Info: Redefining \overline on input line 398.
LaTeX Info: Redefining \colon on input line 409.
\classnum@=\count286
\DOTSCASE@=\count287
LaTeX Info: Redefining \ldots on input line 495.
LaTeX Info: Redefining \dots on input line 498.
LaTeX Info: Redefining \cdots on input line 619.
\Mathstrutbox@=\box53
\strutbox@=\box54
LaTeX Info: Redefining \big on input line 721.
LaTeX Info: Redefining \Big on input line 722.
LaTeX Info: Redefining \bigg on input line 723.
LaTeX Info: Redefining \Bigg on input line 724.
\big@size=\dimen151
LaTeX Font Info:    Redeclaring font encoding OML on input line 742.
LaTeX Font Info:    Redeclaring font encoding OMS on input line 743.
\macc@depth=\count288
LaTeX Info: Redefining \bmod on input line 904.
LaTeX Info: Redefining \pmod on input line 909.
LaTeX Info: Redefining \smash on input line 939.
LaTeX Info: Redefining \relbar on input line 969.
LaTeX Info: Redefining \Relbar on input line 970.
\c@MaxMatrixCols=\count289
\dotsspace@=\muskip17
\c@parentequation=\count290
\dspbrk@lvl=\count291
\tag@help=\toks18
\row@=\count292
\column@=\count293
\maxfields@=\count294
\andhelp@=\toks19
\eqnshift@=\dimen152
\alignsep@=\dimen153
\tagshift@=\dimen154
\tagwidth@=\dimen155
\totwidth@=\dimen156
\lineht@=\dimen157
\@envbody=\toks20
\multlinegap=\skip52
\multlinetaggap=\skip53
\mathdisplay@stack=\toks21
LaTeX Info: Redefining \[ on input line 2949.
LaTeX Info: Redefining \] on input line 2950.
)
(C:\Users\kshoemaker\AppData\Local\Programs\MiKTeX\tex/latex/amsfonts\amssymb.s
ty
Package: amssymb 2013/01/14 v3.01 AMS font symbols

(C:\Users\kshoemaker\AppData\Local\Programs\MiKTeX\tex/latex/amsfonts\amsfonts.
sty
Package: amsfonts 2013/01/14 v3.01 Basic AMSFonts support
\symAMSa=\mathgroup4
\symAMSb=\mathgroup5
LaTeX Font Info:    Redeclaring math symbol \hbar on input line 98.
LaTeX Font Info:    Overwriting math alphabet `\mathfrak' in version `bold'
(Font)                  U/euf/m/n --> U/euf/b/n on input line 106.
)) (C:\Users\kshoemaker\AppData\Local\Programs\MiKTeX\tex/generic/iftex\iftex.s
ty
Package: iftex 2024/12/12 v1.0g TeX engine tests
) (C:\Users\kshoemaker\AppData\Local\Programs\MiKTeX\tex/latex/base\fontenc.sty
Package: fontenc 2024/12/21 v2.1c Standard LaTeX package
) (C:\Users\kshoemaker\AppData\Local\Programs\MiKTeX\tex/latex/base\inputenc.st
y
Package: inputenc 2024/02/08 v1.3d Input encoding file
\inpenc@prehook=\toks22
\inpenc@posthook=\toks23
) (C:\Users\kshoemaker\AppData\Local\Programs\MiKTeX\tex/latex/base\textcomp.st
y
Package: textcomp 2024/04/24 v2.1b Standard LaTeX package
) (C:\Users\kshoemaker\AppData\Local\Programs\MiKTeX\tex/latex/lm\lmodern.sty
Package: lmodern 2015/05/01 v1.6.1 Latin Modern Fonts
LaTeX Font Info:    Overwriting symbol font `operators' in version `normal'
(Font)                  OT1/cmr/m/n --> OT1/lmr/m/n on input line 22.
LaTeX Font Info:    Overwriting symbol font `letters' in version `normal'
(Font)                  OML/cmm/m/it --> OML/lmm/m/it on input line 23.
LaTeX Font Info:    Overwriting symbol font `symbols' in version `normal'
(Font)                  OMS/cmsy/m/n --> OMS/lmsy/m/n on input line 24.
LaTeX Font Info:    Overwriting symbol font `largesymbols' in version `normal'
(Font)                  OMX/cmex/m/n --> OMX/lmex/m/n on input line 25.
LaTeX Font Info:    Overwriting symbol font `operators' in version `bold'
(Font)                  OT1/cmr/bx/n --> OT1/lmr/bx/n on input line 26.
LaTeX Font Info:    Overwriting symbol font `letters' in version `bold'
(Font)                  OML/cmm/b/it --> OML/lmm/b/it on input line 27.
LaTeX Font Info:    Overwriting symbol font `symbols' in version `bold'
(Font)                  OMS/cmsy/b/n --> OMS/lmsy/b/n on input line 28.
LaTeX Font Info:    Overwriting symbol font `largesymbols' in version `bold'
(Font)                  OMX/cmex/m/n --> OMX/lmex/m/n on input line 29.
LaTeX Font Info:    Overwriting math alphabet `\mathbf' in version `normal'
(Font)                  OT1/cmr/bx/n --> OT1/lmr/bx/n on input line 31.
LaTeX Font Info:    Overwriting math alphabet `\mathsf' in version `normal'
(Font)                  OT1/cmss/m/n --> OT1/lmss/m/n on input line 32.
LaTeX Font Info:    Overwriting math alphabet `\mathit' in version `normal'
(Font)                  OT1/cmr/m/it --> OT1/lmr/m/it on input line 33.
LaTeX Font Info:    Overwriting math alphabet `\mathtt' in version `normal'
(Font)                  OT1/cmtt/m/n --> OT1/lmtt/m/n on input line 34.
LaTeX Font Info:    Overwriting math alphabet `\mathbf' in version `bold'
(Font)                  OT1/cmr/bx/n --> OT1/lmr/bx/n on input line 35.
LaTeX Font Info:    Overwriting math alphabet `\mathsf' in version `bold'
(Font)                  OT1/cmss/bx/n --> OT1/lmss/bx/n on input line 36.
LaTeX Font Info:    Overwriting math alphabet `\mathit' in version `bold'
(Font)                  OT1/cmr/bx/it --> OT1/lmr/bx/it on input line 37.
LaTeX Font Info:    Overwriting math alphabet `\mathtt' in version `bold'
(Font)                  OT1/cmtt/m/n --> OT1/lmtt/m/n on input line 38.
)
(C:\Users\kshoemaker\AppData\Local\Programs\MiKTeX\tex/latex/upquote\upquote.st
y
Package: upquote 2012/04/19 v1.3 upright-quote and grave-accent glyphs in verba
tim
)
(C:\Users\kshoemaker\AppData\Local\Programs\MiKTeX\tex/latex/microtype\microtyp
e.sty
Package: microtype 2025/07/09 v3.2b Micro-typographical refinements (RS)

(C:\Users\kshoemaker\AppData\Local\Programs\MiKTeX\tex/latex/graphics\keyval.st
y
Package: keyval 2022/05/29 v1.15 key=value parser (DPC)
\KV@toks@=\toks24
)
(C:\Users\kshoemaker\AppData\Local\Programs\MiKTeX\tex/latex/etoolbox\etoolbox.
sty
Package: etoolbox 2025/02/11 v2.5l e-TeX tools for LaTeX (JAW)
\etb@tempcnta=\count295
)
\MT@toks=\toks25
\MT@tempbox=\box55
\MT@count=\count296
LaTeX Info: Redefining \noprotrusionifhmode on input line 1087.
LaTeX Info: Redefining \leftprotrusion on input line 1088.
\MT@prot@toks=\toks26
LaTeX Info: Redefining \rightprotrusion on input line 1107.
LaTeX Info: Redefining \textls on input line 1449.
\MT@outer@kern=\dimen158
LaTeX Info: Redefining \microtypecontext on input line 2053.
LaTeX Info: Redefining \textmicrotypecontext on input line 2070.
\MT@listname@count=\count297

(C:\Users\kshoemaker\AppData\Local\Programs\MiKTeX\tex/latex/microtype\microtyp
e-pdftex.def
File: microtype-pdftex.def 2025/07/09 v3.2b Definitions specific to pdftex (RS)

LaTeX Info: Redefining \lsstyle on input line 944.
LaTeX Info: Redefining \lslig on input line 944.
\MT@outer@space=\skip54
)
Package microtype Info: Loading configuration file microtype.cfg.

(C:\Users\kshoemaker\AppData\Local\Programs\MiKTeX\tex/latex/microtype\microtyp
e.cfg
File: microtype.cfg 2025/07/09 v3.2b microtype main configuration file (RS)
)
LaTeX Info: Redefining \microtypesetup on input line 3065.
)
(C:\Users\kshoemaker\AppData\Local\Programs\MiKTeX\tex/latex/parskip\parskip.st
y
Package: parskip 2021-03-14 v2.0h non-zero parskip adjustments

(C:\Users\kshoemaker\AppData\Local\Programs\MiKTeX\tex/latex/kvoptions\kvoption
s.sty
Package: kvoptions 2022-06-15 v3.15 Key value format for package options (HO)

(C:\Users\kshoemaker\AppData\Local\Programs\MiKTeX\tex/generic/ltxcmds\ltxcmds.
sty
Package: ltxcmds 2023-12-04 v1.26 LaTeX kernel commands for general use (HO)
)
(C:\Users\kshoemaker\AppData\Local\Programs\MiKTeX\tex/latex/kvsetkeys\kvsetkey
s.sty
Package: kvsetkeys 2022-10-05 v1.19 Key value parser (HO)
))) (C:\Users\kshoemaker\AppData\Local\Programs\MiKTeX\tex/latex/xcolor\xcolor.
sty
Package: xcolor 2024/09/29 v3.02 LaTeX color extensions (UK)

(C:\Users\kshoemaker\AppData\Local\Programs\MiKTeX\tex/latex/graphics-cfg\color
.cfg
File: color.cfg 2016/01/02 v1.6 sample color configuration
)
Package xcolor Info: Driver file: pdftex.def on input line 274.

(C:\Users\kshoemaker\AppData\Local\Programs\MiKTeX\tex/latex/graphics-def\pdfte
x.def
File: pdftex.def 2024/04/13 v1.2c Graphics/color driver for pdftex
)
(C:\Users\kshoemaker\AppData\Local\Programs\MiKTeX\tex/latex/graphics\mathcolor
.ltx)
Package xcolor Info: Model `cmy' substituted by `cmy0' on input line 1349.
Package xcolor Info: Model `hsb' substituted by `rgb' on input line 1353.
Package xcolor Info: Model `RGB' extended on input line 1365.
Package xcolor Info: Model `HTML' substituted by `rgb' on input line 1367.
Package xcolor Info: Model `Hsb' substituted by `hsb' on input line 1368.
Package xcolor Info: Model `tHsb' substituted by `hsb' on input line 1369.
Package xcolor Info: Model `HSB' substituted by `hsb' on input line 1370.
Package xcolor Info: Model `Gray' substituted by `gray' on input line 1371.
Package xcolor Info: Model `wave' substituted by `hsb' on input line 1372.
)
(C:\Users\kshoemaker\AppData\Local\Programs\MiKTeX\tex/latex/geometry\geometry.
sty
Package: geometry 2020/01/02 v5.9 Page Geometry

(C:\Users\kshoemaker\AppData\Local\Programs\MiKTeX\tex/generic/iftex\ifvtex.sty
Package: ifvtex 2019/10/25 v1.7 ifvtex legacy package. Use iftex instead.
)
\Gm@cnth=\count298
\Gm@cntv=\count299
\c@Gm@tempcnt=\count300
\Gm@bindingoffset=\dimen159
\Gm@wd@mp=\dimen160
\Gm@odd@mp=\dimen161
\Gm@even@mp=\dimen162
\Gm@layoutwidth=\dimen163
\Gm@layoutheight=\dimen164
\Gm@layouthoffset=\dimen165
\Gm@layoutvoffset=\dimen166
\Gm@dimlist=\toks27

(C:\Users\kshoemaker\AppData\Local\Programs\MiKTeX\tex/latex/geometry\geometry.
cfg))
(C:\Users\kshoemaker\AppData\Local\Programs\MiKTeX\tex/latex/fancyvrb\fancyvrb.
sty
Package: fancyvrb 2025/07/28 4.6 verbatim text (tvz,hv)
\FV@CodeLineNo=\count301
\FV@InFile=\read2
\FV@TabBox=\box56
\c@FancyVerbLine=\count302
\FV@StepNumber=\count303
\FV@OutFile=\write3
) (C:\Users\kshoemaker\AppData\Local\Programs\MiKTeX\tex/latex/framed\framed.st
y
Package: framed 2011/10/22 v 0.96: framed or shaded text with page breaks
\OuterFrameSep=\skip55
\fb@frw=\dimen167
\fb@frh=\dimen168
\FrameRule=\dimen169
\FrameSep=\dimen170
)
(C:\Users\kshoemaker\AppData\Local\Programs\MiKTeX\tex/latex/graphics\graphicx.
sty
Package: graphicx 2024/12/31 v1.2e Enhanced LaTeX Graphics (DPC,SPQR)

(C:\Users\kshoemaker\AppData\Local\Programs\MiKTeX\tex/latex/graphics\graphics.
sty
Package: graphics 2024/08/06 v1.4g Standard LaTeX Graphics (DPC,SPQR)
(C:\Users\kshoemaker\AppData\Local\Programs\MiKTeX\tex/latex/graphics\trig.sty
Package: trig 2023/12/02 v1.11 sin cos tan (DPC)
)
(C:\Users\kshoemaker\AppData\Local\Programs\MiKTeX\tex/latex/graphics-cfg\graph
ics.cfg
File: graphics.cfg 2016/06/04 v1.11 sample graphics configuration
)
Package graphics Info: Driver file: pdftex.def on input line 106.
)
\Gin@req@height=\dimen171
\Gin@req@width=\dimen172
)
\pandoc@box=\box57

(C:\Users\kshoemaker\AppData\Local\Programs\MiKTeX\tex/latex/bookmark\bookmark.
sty
Package: bookmark 2023-12-10 v1.31 PDF bookmarks (HO)

(C:\Users\kshoemaker\AppData\Local\Programs\MiKTeX\tex/latex/hyperref\hyperref.
sty
Package: hyperref 2025-07-12 v7.01o Hypertext links for LaTeX

(C:\Users\kshoemaker\AppData\Local\Programs\MiKTeX\tex/generic/kvdefinekeys\kvd
efinekeys.sty
Package: kvdefinekeys 2019-12-19 v1.6 Define keys (HO)
)
(C:\Users\kshoemaker\AppData\Local\Programs\MiKTeX\tex/generic/pdfescape\pdfesc
ape.sty
Package: pdfescape 2019/12/09 v1.15 Implements pdfTeX's escape features (HO)

(C:\Users\kshoemaker\AppData\Local\Programs\MiKTeX\tex/generic/pdftexcmds\pdfte
xcmds.sty
Package: pdftexcmds 2020-06-27 v0.33 Utility functions of pdfTeX for LuaTeX (HO
)

(C:\Users\kshoemaker\AppData\Local\Programs\MiKTeX\tex/generic/infwarerr\infwar
err.sty
Package: infwarerr 2019/12/03 v1.5 Providing info/warning/error messages (HO)
)
Package pdftexcmds Info: \pdf@primitive is available.
Package pdftexcmds Info: \pdf@ifprimitive is available.
Package pdftexcmds Info: \pdfdraftmode found.
))
(C:\Users\kshoemaker\AppData\Local\Programs\MiKTeX\tex/latex/hycolor\hycolor.st
y
Package: hycolor 2020-01-27 v1.10 Color options for hyperref/bookmark (HO)
)
(C:\Users\kshoemaker\AppData\Local\Programs\MiKTeX\tex/latex/hyperref\nameref.s
ty
Package: nameref 2025-06-21 v2.57 Cross-referencing by name of section

(C:\Users\kshoemaker\AppData\Local\Programs\MiKTeX\tex/latex/refcount\refcount.
sty
Package: refcount 2019/12/15 v3.6 Data extraction from label references (HO)
)
(C:\Users\kshoemaker\AppData\Local\Programs\MiKTeX\tex/generic/gettitlestring\g
ettitlestring.sty
Package: gettitlestring 2019/12/15 v1.6 Cleanup title references (HO)
)
\c@section@level=\count304
)
(C:\Users\kshoemaker\AppData\Local\Programs\MiKTeX\tex/generic/stringenc\string
enc.sty
Package: stringenc 2019/11/29 v1.12 Convert strings between diff. encodings (HO
)
)
\@linkdim=\dimen173
\Hy@linkcounter=\count305
\Hy@pagecounter=\count306

(C:\Users\kshoemaker\AppData\Local\Programs\MiKTeX\tex/latex/hyperref\pd1enc.de
f
File: pd1enc.def 2025-07-12 v7.01o Hyperref: PDFDocEncoding definition (HO)
Now handling font encoding PD1 ...
... no UTF-8 mapping file for font encoding PD1
)
(C:\Users\kshoemaker\AppData\Local\Programs\MiKTeX\tex/generic/intcalc\intcalc.
sty
Package: intcalc 2019/12/15 v1.3 Expandable calculations with integers (HO)
)
\Hy@SavedSpaceFactor=\count307

(C:\Users\kshoemaker\AppData\Local\Programs\MiKTeX\tex/latex/hyperref\puenc.def
File: puenc.def 2025-07-12 v7.01o Hyperref: PDF Unicode definition (HO)
Now handling font encoding PU ...
... no UTF-8 mapping file for font encoding PU
)
Package hyperref Info: Option `unicode' set `true' on input line 4066.
Package hyperref Info: Hyper figures OFF on input line 4195.
Package hyperref Info: Link nesting OFF on input line 4200.
Package hyperref Info: Hyper index ON on input line 4203.
Package hyperref Info: Plain pages OFF on input line 4210.
Package hyperref Info: Backreferencing OFF on input line 4215.
Package hyperref Info: Implicit mode ON; LaTeX internals redefined.
Package hyperref Info: Bookmarks ON on input line 4462.
\c@Hy@tempcnt=\count308
(C:\Users\kshoemaker\AppData\Local\Programs\MiKTeX\tex/latex/url\url.sty
\Urlmuskip=\muskip18
Package: url 2013/09/16  ver 3.4  Verb mode for urls, etc.
)
LaTeX Info: Redefining \url on input line 4801.
\XeTeXLinkMargin=\dimen174

(C:\Users\kshoemaker\AppData\Local\Programs\MiKTeX\tex/generic/bitset\bitset.st
y
Package: bitset 2019/12/09 v1.3 Handle bit-vector datatype (HO)

(C:\Users\kshoemaker\AppData\Local\Programs\MiKTeX\tex/generic/bigintcalc\bigin
tcalc.sty
Package: bigintcalc 2019/12/15 v1.5 Expandable calculations on big integers (HO
)
))
\Fld@menulength=\count309
\Field@Width=\dimen175
\Fld@charsize=\dimen176
Package hyperref Info: Hyper figures OFF on input line 6078.
Package hyperref Info: Link nesting OFF on input line 6083.
Package hyperref Info: Hyper index ON on input line 6086.
Package hyperref Info: backreferencing OFF on input line 6093.
Package hyperref Info: Link coloring OFF on input line 6098.
Package hyperref Info: Link coloring with OCG OFF on input line 6103.
Package hyperref Info: PDF/A mode OFF on input line 6108.
\Hy@abspage=\count310
\c@Item=\count311
\c@Hfootnote=\count312
)
Package hyperref Info: Driver (autodetected): hpdftex.

(C:\Users\kshoemaker\AppData\Local\Programs\MiKTeX\tex/latex/hyperref\hpdftex.d
ef
File: hpdftex.def 2025-07-12 v7.01o Hyperref driver for pdfTeX
\Fld@listcount=\count313
\c@bookmark@seq@number=\count314

(C:\Users\kshoemaker\AppData\Local\Programs\MiKTeX\tex/latex/rerunfilecheck\rer
unfilecheck.sty
Package: rerunfilecheck 2025-06-21 v1.11 Rerun checks for auxiliary files (HO)

(C:\Users\kshoemaker\AppData\Local\Programs\MiKTeX\tex/generic/uniquecounter\un
iquecounter.sty
Package: uniquecounter 2019/12/15 v1.4 Provide unlimited unique counter (HO)
)
Package uniquecounter Info: New unique counter `rerunfilecheck' on input line 2
84.
)
\Hy@SectionHShift=\skip56
)
(C:\Users\kshoemaker\AppData\Local\Programs\MiKTeX\tex/latex/bookmark\bkm-pdfte
x.def
File: bkm-pdftex.def 2023-12-10 v1.31 bookmark driver for pdfTeX and luaTeX (HO
)
\BKM@id=\count315
)) (C:\Users\kshoemaker\AppData\Local\Programs\MiKTeX\tex/latex/xurl\xurl.sty
Package: xurl 2022/01/09 v 0.10 modify URL breaks
)
LaTeX Font Info:    Trying to load font information for T1+lmr on input line 11
2.
(C:\Users\kshoemaker\AppData\Local\Programs\MiKTeX\tex/latex/lm\t1lmr.fd
File: t1lmr.fd 2015/05/01 v1.6.1 Font defs for Latin Modern
)
(C:\Users\kshoemaker\AppData\Local\Programs\MiKTeX\tex/latex/l3backend\l3backen
d-pdftex.def
File: l3backend-pdftex.def 2025-06-09 L3 backend support: PDF output (pdfTeX)
\l__color_backend_stack_int=\count316
) (LECTURE6.aux)
\openout1 = `LECTURE6.aux'.

LaTeX Font Info:    Checking defaults for OML/cmm/m/it on input line 112.
LaTeX Font Info:    ... okay on input line 112.
LaTeX Font Info:    Checking defaults for OMS/cmsy/m/n on input line 112.
LaTeX Font Info:    ... okay on input line 112.
LaTeX Font Info:    Checking defaults for OT1/cmr/m/n on input line 112.
LaTeX Font Info:    ... okay on input line 112.
LaTeX Font Info:    Checking defaults for T1/cmr/m/n on input line 112.
LaTeX Font Info:    ... okay on input line 112.
LaTeX Font Info:    Checking defaults for TS1/cmr/m/n on input line 112.
LaTeX Font Info:    ... okay on input line 112.
LaTeX Font Info:    Checking defaults for OMX/cmex/m/n on input line 112.
LaTeX Font Info:    ... okay on input line 112.
LaTeX Font Info:    Checking defaults for U/cmr/m/n on input line 112.
LaTeX Font Info:    ... okay on input line 112.
LaTeX Font Info:    Checking defaults for PD1/pdf/m/n on input line 112.
LaTeX Font Info:    ... okay on input line 112.
LaTeX Font Info:    Checking defaults for PU/pdf/m/n on input line 112.
LaTeX Font Info:    ... okay on input line 112.
LaTeX Info: Redefining \microtypecontext on input line 112.
Package microtype Info: Applying patch `item' on input line 112.
Package microtype Info: Applying patch `toc' on input line 112.
Package microtype Info: Applying patch `eqnum' on input line 112.
Package microtype Info: Applying patch `footnote' on input line 112.
Package microtype Info: Applying patch `verbatim' on input line 112.
LaTeX Info: Redefining \microtypesetup on input line 112.
Package microtype Info: Generating PDF output.
Package microtype Info: Character protrusion enabled (level 2).
Package microtype Info: Using protrusion set `basicmath'.
Package microtype Info: Automatic font expansion enabled (level 2),
(microtype)             stretch: 20, shrink: 20, step: 1, non-selected.
Package microtype Info: Using default expansion set `alltext-nott'.
Package microtype Info: Patching command `\showhyphens'.
Package microtype Info: No adjustment of tracking.
Package microtype Info: No adjustment of interword spacing.
Package microtype Info: No adjustment of character kerning.

(C:\Users\kshoemaker\AppData\Local\Programs\MiKTeX\tex/latex/microtype\mt-cmr.c
fg
File: mt-cmr.cfg 2013/05/19 v2.2 microtype config. file: Computer Modern Roman 
(RS)
)
(C:\Users\kshoemaker\AppData\Local\Programs\MiKTeX\tex/context/base/mkii\supp-p
df.mkii
[Loading MPS to PDF converter (version 2006.09.02).]
\scratchcounter=\count317
\scratchdimen=\dimen177
\scratchbox=\box58
\nofMPsegments=\count318
\nofMParguments=\count319
\everyMPshowfont=\toks28
\MPscratchCnt=\count320
\MPscratchDim=\dimen178
\MPnumerator=\count321
\makeMPintoPDFobject=\count322
\everyMPtoPDFconversion=\toks29
)
(C:\Users\kshoemaker\AppData\Local\Programs\MiKTeX\tex/latex/epstopdf-pkg\epsto
pdf-base.sty
Package: epstopdf-base 2020-01-24 v2.11 Base part for package epstopdf
Package epstopdf-base Info: Redefining graphics rule for `.eps' on input line 4
85.

(C:\Users\kshoemaker\AppData\Local\Programs\MiKTeX\tex/latex/00miktex\epstopdf-
sys.cfg
File: epstopdf-sys.cfg 2021/03/18 v2.0 Configuration of epstopdf for MiKTeX
))
*geometry* driver: auto-detecting
*geometry* detected driver: pdftex
*geometry* verbose mode - [ preamble ] result:
* driver: pdftex
* paper: <default>
* layout: <same size as paper>
* layoutoffset:(h,v)=(0.0pt,0.0pt)
* modes: 
* h-part:(L,W,R)=(72.26999pt, 469.75502pt, 72.26999pt)
* v-part:(T,H,B)=(72.26999pt, 650.43001pt, 72.26999pt)
* \paperwidth=614.295pt
* \paperheight=794.96999pt
* \textwidth=469.75502pt
* \textheight=650.43001pt
* \oddsidemargin=0.0pt
* \evensidemargin=0.0pt
* \topmargin=-37.0pt
* \headheight=12.0pt
* \headsep=25.0pt
* \topskip=10.0pt
* \footskip=30.0pt
* \marginparwidth=65.0pt
* \marginparsep=11.0pt
* \columnsep=10.0pt
* \skip\footins=9.0pt plus 4.0pt minus 2.0pt
* \hoffset=0.0pt
* \voffset=0.0pt
* \mag=1000
* \@twocolumnfalse
* \@twosidefalse
* \@mparswitchfalse
* \@reversemarginfalse
* (1in=72.27pt=25.4mm, 1cm=28.453pt)

Package hyperref Info: Link coloring OFF on input line 112.
LaTeX Font Info:    Trying to load font information for OT1+lmr on input line 1
14.
(C:\Users\kshoemaker\AppData\Local\Programs\MiKTeX\tex/latex/lm\ot1lmr.fd
File: ot1lmr.fd 2015/05/01 v1.6.1 Font defs for Latin Modern
)
LaTeX Font Info:    Trying to load font information for OML+lmm on input line 1
14.
(C:\Users\kshoemaker\AppData\Local\Programs\MiKTeX\tex/latex/lm\omllmm.fd
File: omllmm.fd 2015/05/01 v1.6.1 Font defs for Latin Modern
)
LaTeX Font Info:    Trying to load font information for OMS+lmsy on input line 
114.
(C:\Users\kshoemaker\AppData\Local\Programs\MiKTeX\tex/latex/lm\omslmsy.fd
File: omslmsy.fd 2015/05/01 v1.6.1 Font defs for Latin Modern
)
LaTeX Font Info:    Trying to load font information for OMX+lmex on input line 
114.
(C:\Users\kshoemaker\AppData\Local\Programs\MiKTeX\tex/latex/lm\omxlmex.fd
File: omxlmex.fd 2015/05/01 v1.6.1 Font defs for Latin Modern
)
LaTeX Font Info:    External font `lmex10' loaded for size
(Font)              <12> on input line 114.
LaTeX Font Info:    External font `lmex10' loaded for size
(Font)              <8> on input line 114.
LaTeX Font Info:    External font `lmex10' loaded for size
(Font)              <6> on input line 114.
LaTeX Font Info:    Trying to load font information for U+msa on input line 114
.
(C:\Users\kshoemaker\AppData\Local\Programs\MiKTeX\tex/latex/amsfonts\umsa.fd
File: umsa.fd 2013/01/14 v3.01 AMS symbols A
)
(C:\Users\kshoemaker\AppData\Local\Programs\MiKTeX\tex/latex/microtype\mt-msa.c
fg
File: mt-msa.cfg 2006/02/04 v1.1 microtype config. file: AMS symbols (a) (RS)
)
LaTeX Font Info:    Trying to load font information for U+msb on input line 114
.
(C:\Users\kshoemaker\AppData\Local\Programs\MiKTeX\tex/latex/amsfonts\umsb.fd
File: umsb.fd 2013/01/14 v3.01 AMS symbols B
)
(C:\Users\kshoemaker\AppData\Local\Programs\MiKTeX\tex/latex/microtype\mt-msb.c
fg
File: mt-msb.cfg 2005/06/01 v1.0 microtype config. file: AMS symbols (b) (RS)
)
LaTeX Font Info:    External font `lmex10' loaded for size
(Font)              <10> on input line 172.
LaTeX Font Info:    External font `lmex10' loaded for size
(Font)              <7> on input line 172.
LaTeX Font Info:    External font `lmex10' loaded for size
(Font)              <5> on input line 172.


[1

{C:/Users/kshoemaker/AppData/Local/MiKTeX/fonts/map/pdftex/pdftex.map}{C:/Users
/kshoemaker/AppData/Local/Programs/MiKTeX/fonts/enc/dvips/lm/lm-ec.enc}{C:/User
s/kshoemaker/AppData/Local/Programs/MiKTeX/fonts/enc/dvips/lm/lm-mathit.enc}{C:
/Users/kshoemaker/AppData/Local/Programs/MiKTeX/fonts/enc/dvips/lm/lm-mathsy.en
c}{C:/Users/kshoemaker/AppData/Local/Programs/MiKTeX/fonts/enc/dvips/lm/lm-rm.e
nc}]
LaTeX Font Info:    Trying to load font information for T1+lmtt on input line 1
96.
(C:\Users\kshoemaker\AppData\Local\Programs\MiKTeX\tex/latex/lm\t1lmtt.fd
File: t1lmtt.fd 2015/05/01 v1.6.1 Font defs for Latin Modern
)
LaTeX Font Info:    Font shape `T1/lmtt/bx/n' in size <10> not available
(Font)              Font shape `T1/lmtt/b/n' tried instead on input line 201.
<LECTURE6_files/figure-latex/unnamed-chunk-3-1.pdf, id=19, 469.755pt x 325.215p
t>
File: LECTURE6_files/figure-latex/unnamed-chunk-3-1.pdf Graphic file (type pdf)

<use LECTURE6_files/figure-latex/unnamed-chunk-3-1.pdf>
Package pdftex.def Info: LECTURE6_files/figure-latex/unnamed-chunk-3-1.pdf  use
d on input line 210.
(pdftex.def)             Requested size: 469.75386pt x 325.2142pt.


[2{C:/Users/kshoemaker/AppData/Local/Programs/MiKTeX/fonts/enc/dvips/lm/lm-math
ex.enc}]

Package amsmath Warning: Foreign command \atopwithdelims;
(amsmath)                \frac or \genfrac should be used instead
(amsmath)                 on input line 220.



[3 <./LECTURE6_files/figure-latex/unnamed-chunk-3-1.pdf>]
<LECTURE6_files/figure-latex/unnamed-chunk-4-1.pdf, id=43, 469.755pt x 325.215p
t>
File: LECTURE6_files/figure-latex/unnamed-chunk-4-1.pdf Graphic file (type pdf)

<use LECTURE6_files/figure-latex/unnamed-chunk-4-1.pdf>
Package pdftex.def Info: LECTURE6_files/figure-latex/unnamed-chunk-4-1.pdf  use
d on input line 266.
(pdftex.def)             Requested size: 469.75386pt x 325.2142pt.


[4 <./LECTURE6_files/figure-latex/unnamed-chunk-4-1.pdf>]

LaTeX Font Warning: Font shape `T1/lmtt/bx/it' in size <10> not available
(Font)              Font shape `T1/lmtt/b/sl' tried instead on input line 307.

LaTeX Font Info:    Trying to load font information for TS1+lmtt on input line 
314.
(C:\Users\kshoemaker\AppData\Local\Programs\MiKTeX\tex/latex/lm\ts1lmtt.fd
File: ts1lmtt.fd 2015/05/01 v1.6.1 Font defs for Latin Modern
)
<LECTURE6_files/figure-latex/unnamed-chunk-5-1.pdf, id=53, 469.755pt x 325.215p
t>
File: LECTURE6_files/figure-latex/unnamed-chunk-5-1.pdf Graphic file (type pdf)

<use LECTURE6_files/figure-latex/unnamed-chunk-5-1.pdf>
Package pdftex.def Info: LECTURE6_files/figure-latex/unnamed-chunk-5-1.pdf  use
d on input line 328.
(pdftex.def)             Requested size: 469.75386pt x 325.2142pt.


[5{C:/Users/kshoemaker/AppData/Local/Programs/MiKTeX/fonts/enc/dvips/lm/lm-ts1.
enc}]
<LECTURE6_files/figure-latex/unnamed-chunk-6-1.pdf, id=60, 469.755pt x 325.215p
t>
File: LECTURE6_files/figure-latex/unnamed-chunk-6-1.pdf Graphic file (type pdf)

<use LECTURE6_files/figure-latex/unnamed-chunk-6-1.pdf>
Package pdftex.def Info: LECTURE6_files/figure-latex/unnamed-chunk-6-1.pdf  use
d on input line 353.
(pdftex.def)             Requested size: 469.75386pt x 325.2142pt.


[6 <./LECTURE6_files/figure-latex/unnamed-chunk-5-1.pdf>]
<LECTURE6_files/figure-latex/unnamed-chunk-7-1.pdf, id=70, 469.755pt x 325.215p
t>
File: LECTURE6_files/figure-latex/unnamed-chunk-7-1.pdf Graphic file (type pdf)

<use LECTURE6_files/figure-latex/unnamed-chunk-7-1.pdf>
Package pdftex.def Info: LECTURE6_files/figure-latex/unnamed-chunk-7-1.pdf  use
d on input line 379.
(pdftex.def)             Requested size: 469.75386pt x 325.2142pt.


[7 <./LECTURE6_files/figure-latex/unnamed-chunk-6-1.pdf>]
<LECTURE6_files/figure-latex/unnamed-chunk-8-1.pdf, id=81, 469.755pt x 325.215p
t>
File: LECTURE6_files/figure-latex/unnamed-chunk-8-1.pdf Graphic file (type pdf)

<use LECTURE6_files/figure-latex/unnamed-chunk-8-1.pdf>
Package pdftex.def Info: LECTURE6_files/figure-latex/unnamed-chunk-8-1.pdf  use
d on input line 396.
(pdftex.def)             Requested size: 469.75386pt x 325.2142pt.


[8 <./LECTURE6_files/figure-latex/unnamed-chunk-7-1.pdf>]
<LECTURE6_files/figure-latex/unnamed-chunk-9-1.pdf, id=91, 469.755pt x 325.215p
t>
File: LECTURE6_files/figure-latex/unnamed-chunk-9-1.pdf Graphic file (type pdf)

<use LECTURE6_files/figure-latex/unnamed-chunk-9-1.pdf>
Package pdftex.def Info: LECTURE6_files/figure-latex/unnamed-chunk-9-1.pdf  use
d on input line 422.
(pdftex.def)             Requested size: 469.75386pt x 325.2142pt.


[9 <./LECTURE6_files/figure-latex/unnamed-chunk-8-1.pdf>]
<LECTURE6_files/figure-latex/unnamed-chunk-10-1.pdf, id=101, 469.755pt x 325.21
5pt>
File: LECTURE6_files/figure-latex/unnamed-chunk-10-1.pdf Graphic file (type pdf
)
<use LECTURE6_files/figure-latex/unnamed-chunk-10-1.pdf>
Package pdftex.def Info: LECTURE6_files/figure-latex/unnamed-chunk-10-1.pdf  us
ed on input line 439.
(pdftex.def)             Requested size: 469.75386pt x 325.2142pt.


[10 <./LECTURE6_files/figure-latex/unnamed-chunk-9-1.pdf>]
<LECTURE6_files/figure-latex/unnamed-chunk-12-1.pdf, id=111, 469.755pt x 325.21
5pt>
File: LECTURE6_files/figure-latex/unnamed-chunk-12-1.pdf Graphic file (type pdf
)
<use LECTURE6_files/figure-latex/unnamed-chunk-12-1.pdf>
Package pdftex.def Info: LECTURE6_files/figure-latex/unnamed-chunk-12-1.pdf  us
ed on input line 462.
(pdftex.def)             Requested size: 469.75386pt x 325.2142pt.


[11 <./LECTURE6_files/figure-latex/unnamed-chunk-10-1.pdf>]
<LECTURE6_files/figure-latex/unnamed-chunk-13-1.pdf, id=121, 469.755pt x 325.21
5pt>
File: LECTURE6_files/figure-latex/unnamed-chunk-13-1.pdf Graphic file (type pdf
)
<use LECTURE6_files/figure-latex/unnamed-chunk-13-1.pdf>
Package pdftex.def Info: LECTURE6_files/figure-latex/unnamed-chunk-13-1.pdf  us
ed on input line 489.
(pdftex.def)             Requested size: 469.75386pt x 325.2142pt.


[12 <./LECTURE6_files/figure-latex/unnamed-chunk-12-1.pdf>]
<LECTURE6_files/figure-latex/unnamed-chunk-14-1.pdf, id=132, 469.755pt x 325.21
5pt>
File: LECTURE6_files/figure-latex/unnamed-chunk-14-1.pdf Graphic file (type pdf
)
<use LECTURE6_files/figure-latex/unnamed-chunk-14-1.pdf>
Package pdftex.def Info: LECTURE6_files/figure-latex/unnamed-chunk-14-1.pdf  us
ed on input line 510.
(pdftex.def)             Requested size: 469.75386pt x 325.2142pt.


[13 <./LECTURE6_files/figure-latex/unnamed-chunk-13-1.pdf>]
<LECTURE6_files/figure-latex/unnamed-chunk-15-1.pdf, id=143, 469.755pt x 325.21
5pt>
File: LECTURE6_files/figure-latex/unnamed-chunk-15-1.pdf Graphic file (type pdf
)
<use LECTURE6_files/figure-latex/unnamed-chunk-15-1.pdf>
Package pdftex.def Info: LECTURE6_files/figure-latex/unnamed-chunk-15-1.pdf  us
ed on input line 550.
(pdftex.def)             Requested size: 469.75386pt x 325.2142pt.


[14 <./LECTURE6_files/figure-latex/unnamed-chunk-14-1.pdf>]

[15 <./LECTURE6_files/figure-latex/unnamed-chunk-15-1.pdf>]
<LECTURE6_files/figure-latex/unnamed-chunk-17-1.pdf, id=166, 469.755pt x 325.21
5pt>
File: LECTURE6_files/figure-latex/unnamed-chunk-17-1.pdf Graphic file (type pdf
)
<use LECTURE6_files/figure-latex/unnamed-chunk-17-1.pdf>
Package pdftex.def Info: LECTURE6_files/figure-latex/unnamed-chunk-17-1.pdf  us
ed on input line 608.
(pdftex.def)             Requested size: 469.75386pt x 325.2142pt.
<LECTURE6_files/figure-latex/unnamed-chunk-18-1.pdf, id=167, 469.755pt x 325.21
5pt>
File: LECTURE6_files/figure-latex/unnamed-chunk-18-1.pdf Graphic file (type pdf
)
<use LECTURE6_files/figure-latex/unnamed-chunk-18-1.pdf>
Package pdftex.def Info: LECTURE6_files/figure-latex/unnamed-chunk-18-1.pdf  us
ed on input line 624.
(pdftex.def)             Requested size: 469.75386pt x 325.2142pt.


[16 <./LECTURE6_files/figure-latex/unnamed-chunk-17-1.pdf>]

[17 <./LECTURE6_files/figure-latex/unnamed-chunk-18-1.pdf>]
<LECTURE6_files/figure-latex/unnamed-chunk-20-1.pdf, id=188, 469.755pt x 325.21
5pt>
File: LECTURE6_files/figure-latex/unnamed-chunk-20-1.pdf Graphic file (type pdf
)
<use LECTURE6_files/figure-latex/unnamed-chunk-20-1.pdf>
Package pdftex.def Info: LECTURE6_files/figure-latex/unnamed-chunk-20-1.pdf  us
ed on input line 668.
(pdftex.def)             Requested size: 469.75386pt x 325.2142pt.


[18 <./LECTURE6_files/figure-latex/unnamed-chunk-20-1.pdf>]
<LECTURE6_files/figure-latex/unnamed-chunk-22-1.pdf, id=200, 469.755pt x 325.21
5pt>
File: LECTURE6_files/figure-latex/unnamed-chunk-22-1.pdf Graphic file (type pdf
)
<use LECTURE6_files/figure-latex/unnamed-chunk-22-1.pdf>
Package pdftex.def Info: LECTURE6_files/figure-latex/unnamed-chunk-22-1.pdf  us
ed on input line 713.
(pdftex.def)             Requested size: 469.75386pt x 325.2142pt.


[19 <./LECTURE6_files/figure-latex/unnamed-chunk-22-1.pdf>]
<LECTURE6_files/figure-latex/unnamed-chunk-24-1.pdf, id=213, 469.755pt x 325.21
5pt>
File: LECTURE6_files/figure-latex/unnamed-chunk-24-1.pdf Graphic file (type pdf
)
<use LECTURE6_files/figure-latex/unnamed-chunk-24-1.pdf>
Package pdftex.def Info: LECTURE6_files/figure-latex/unnamed-chunk-24-1.pdf  us
ed on input line 752.
(pdftex.def)             Requested size: 469.75386pt x 325.2142pt.
<LECTURE6_files/figure-latex/unnamed-chunk-25-1.pdf, id=214, 469.755pt x 325.21
5pt>
File: LECTURE6_files/figure-latex/unnamed-chunk-25-1.pdf Graphic file (type pdf
)
<use LECTURE6_files/figure-latex/unnamed-chunk-25-1.pdf>
Package pdftex.def Info: LECTURE6_files/figure-latex/unnamed-chunk-25-1.pdf  us
ed on input line 768.
(pdftex.def)             Requested size: 469.75386pt x 325.2142pt.


[20 <./LECTURE6_files/figure-latex/unnamed-chunk-24-1.pdf>]
<LECTURE6_files/figure-latex/unnamed-chunk-26-1.pdf, id=226, 469.755pt x 325.21
5pt>
File: LECTURE6_files/figure-latex/unnamed-chunk-26-1.pdf Graphic file (type pdf
)
<use LECTURE6_files/figure-latex/unnamed-chunk-26-1.pdf>
Package pdftex.def Info: LECTURE6_files/figure-latex/unnamed-chunk-26-1.pdf  us
ed on input line 811.
(pdftex.def)             Requested size: 469.75386pt x 325.2142pt.


[21 <./LECTURE6_files/figure-latex/unnamed-chunk-25-1.pdf>]

[22 <./LECTURE6_files/figure-latex/unnamed-chunk-26-1.pdf>]
<LECTURE6_files/figure-latex/unnamed-chunk-28-1.pdf, id=247, 469.755pt x 325.21
5pt>
File: LECTURE6_files/figure-latex/unnamed-chunk-28-1.pdf Graphic file (type pdf
)
<use LECTURE6_files/figure-latex/unnamed-chunk-28-1.pdf>
Package pdftex.def Info: LECTURE6_files/figure-latex/unnamed-chunk-28-1.pdf  us
ed on input line 855.
(pdftex.def)             Requested size: 469.75386pt x 325.2142pt.


[23 <./LECTURE6_files/figure-latex/unnamed-chunk-28-1.pdf>] (LECTURE6.aux)
 ***********
LaTeX2e <2025-06-01> patch level 1
L3 programming layer <2025-07-20>
 ***********
 ) 
Here is how much of TeX's memory you used:
 14172 strings out of 468134
 229958 string characters out of 5428320
 671159 words of memory out of 5000000
 42433 multiletter control sequences out of 15000+600000
 680768 words of font info for 139 fonts, out of 8000000 for 9000
 1141 hyphenation exceptions out of 8191
 83i,9n,93p,1007b,492s stack positions out of 10000i,1000n,20000p,200000b,200000s
<C:/Users/kshoemaker/AppData/Local/Programs/MiKTeX/fonts/type1/public/lm/lmbx
10.pfb><C:/Users/kshoemaker/AppData/Local/Programs/MiKTeX/fonts/type1/public/lm
/lmex10.pfb><C:/Users/kshoemaker/AppData/Local/Programs/MiKTeX/fonts/type1/publ
ic/lm/lmmi10.pfb><C:/Users/kshoemaker/AppData/Local/Programs/MiKTeX/fonts/type1
/public/lm/lmmi7.pfb><C:/Users/kshoemaker/AppData/Local/Programs/MiKTeX/fonts/t
ype1/public/lm/lmr10.pfb><C:/Users/kshoemaker/AppData/Local/Programs/MiKTeX/fon
ts/type1/public/lm/lmr12.pfb><C:/Users/kshoemaker/AppData/Local/Programs/MiKTeX
/fonts/type1/public/lm/lmr17.pfb><C:/Users/kshoemaker/AppData/Local/Programs/Mi
KTeX/fonts/type1/public/lm/lmr7.pfb><C:/Users/kshoemaker/AppData/Local/Programs
/MiKTeX/fonts/type1/public/lm/lmri10.pfb><C:/Users/kshoemaker/AppData/Local/Pro
grams/MiKTeX/fonts/type1/public/lm/lmsy10.pfb><C:/Users/kshoemaker/AppData/Loca
l/Programs/MiKTeX/fonts/type1/public/lm/lmsy7.pfb><C:/Users/kshoemaker/AppData/
Local/Programs/MiKTeX/fonts/type1/public/lm/lmtk10.pfb><C:/Users/kshoemaker/App
Data/Local/Programs/MiKTeX/fonts/type1/public/lm/lmtko10.pfb><C:/Users/kshoemak
er/AppData/Local/Programs/MiKTeX/fonts/type1/public/lm/lmtt10.pfb><C:/Users/ksh
oemaker/AppData/Local/Programs/MiKTeX/fonts/type1/public/lm/lmtti10.pfb>
Output written on LECTURE6.pdf (23 pages, 547000 bytes).
PDF statistics:
 367 PDF objects out of 1000 (max. 8388607)
 35 named destinations out of 1000 (max. 500000)
 26789 words of extra memory for PDF output out of 29859 (max. 10000000)

